[20:12:16] [ServerMain/INFO]: [bootstrap] Running Java 23 (Java HotSpot(TM) 64-Bit Server VM 23.0.1+11-39; Oracle Corporation null) on Windows 10 10.0 (amd64)
[20:12:16] [ServerMain/INFO]: [bootstrap] Loading Paper 1.21.11-69-main@94d0c97 (2025-12-30T20:33:30Z) for Minecraft 1.21.11
[20:12:17] [ServerMain/INFO]: [PluginInitializerManager] Initializing plugins...
[20:12:17] [ServerMain/INFO]: [PluginInitializerManager] Initialized 0 plugins
[20:12:23] [ServerMain/INFO]: Environment: Environment[sessionHost=https://sessionserver.mojang.com, servicesHost=https://api.minecraftservices.com, profilesHost=https://api.mojang.com, name=PROD]
[20:12:23] [ServerMain/INFO]: Found new data pack file/bukkit, loading it automatically
[20:12:23] [ServerMain/INFO]: Found new data pack paper, loading it automatically
[20:12:24] [ServerMain/INFO]: No existing world data, creating new world
[20:12:25] [ServerMain/INFO]: Loaded 1470 recipes
[20:12:25] [ServerMain/INFO]: Loaded 1584 advancements
[20:12:25] [ServerMain/INFO]: [ca.spottedleaf.dataconverter.minecraft.datatypes.MCTypeRegistry] Initialising converters for DataConverter...
[20:12:26] [ServerMain/INFO]: [ca.spottedleaf.dataconverter.minecraft.datatypes.MCTypeRegistry] Finished initialising converters for DataConverter in 405.6ms
[20:12:26] [Server thread/INFO]: Starting minecraft server version 1.21.11
[20:12:26] [Server thread/INFO]: Loading properties
[20:12:26] [Server thread/INFO]: This server is running Paper version 1.21.11-69-main@94d0c97 (2025-12-30T20:33:30Z) (Implementing API version 1.21.11-R0.1-SNAPSHOT)
[20:12:26] [Server thread/INFO]: [spark] This server bundles the spark profiler. For more information please visit https://docs.papermc.io/paper/profiling
[20:12:26] [Server thread/INFO]: Server Ping Player Sample Count: 12
[20:12:26] [Server thread/INFO]: Using 4 threads for Netty based IO
[20:12:27] [Server thread/INFO]: [MoonriseCommon] Paper is using 3 worker threads, 1 I/O threads
[20:12:27] [Server thread/INFO]: Default game type: SURVIVAL
[20:12:27] [Server thread/INFO]: Generating keypair
[20:12:27] [Server thread/INFO]: Starting Minecraft server on *:25565
[20:12:27] [Server thread/INFO]: Paper: Using Java compression from Velocity.
[20:12:27] [Server thread/INFO]: Paper: Using Java cipher from Velocity.
[20:12:27] [Server thread/INFO]: Preparing level "world"
[20:12:28] [Server thread/INFO]: Selecting spawn point for world 'minecraft:overworld'...
[20:12:31] [Server thread/INFO]: Selecting spawn point for world 'minecraft:the_nether'...
[20:12:32] [Server thread/INFO]: Selecting spawn point for world 'minecraft:the_end'...
[20:12:32] [Server thread/INFO]: Loading 0 persistent chunks for world 'minecraft:overworld'...
[20:12:32] [Server thread/INFO]: Preparing spawn area: 100%
[20:12:32] [Server thread/INFO]: Prepared spawn area in 4565 ms
[20:12:32] [Server thread/INFO]: Loading 0 persistent chunks for world 'minecraft:the_nether'...
[20:12:32] [Server thread/INFO]: Preparing spawn area: 100%
[20:12:32] [Server thread/INFO]: Prepared spawn area in 1036 ms
[20:12:32] [Server thread/INFO]: Loading 0 persistent chunks for world 'minecraft:the_end'...
[20:12:32] [Server thread/INFO]: Preparing spawn area: 100%
[20:12:32] [Server thread/INFO]: Prepared spawn area in 371 ms
[20:12:32] [Server thread/INFO]: Done preparing level "world" (4.996s)
[20:12:33] [Server thread/INFO]: [spark] Starting background profiler...
[20:12:33] [Server thread/INFO]: [spark] The async-profiler engine is not supported for your os/arch (windows10/amd64), so the built-in Java engine will be used instead.
[20:12:33] [Server thread/INFO]: Running delayed init tasks
[20:12:33] [Server thread/INFO]: Done (17.391s)! For help, type "help"
[20:12:33] [Server thread/INFO]: *************************************************************************************
[20:12:33] [Server thread/INFO]: This is the first time you're starting this server.
[20:12:33] [Server thread/INFO]: It's recommended you read our 'Getting Started' documentation for guidance.
[20:12:33] [Server thread/INFO]: View this and more helpful information here: https://docs.papermc.io/paper/next-steps
[20:12:33] [Server thread/INFO]: *************************************************************************************
